 09-LockCop

 Timestamp is 559b6b22 (Tue Jul 07 14:01:06 2015)

 Preferred load address is 00400000

 Start         Length     Name                   Class
 0001:00000000 000062b2H .text$mn                CODE
 0001:000062c0 000010a7H .text$x                 CODE
 0002:00000000 00000104H .CRT$XCA                DATA
 0002:00000104 00000104H .CRT$XCAA               DATA
 0002:00000208 00000104H .CRT$XCZ                DATA
 0002:0000030c 00000104H .CRT$XIA                DATA
 0002:00000410 00000104H .CRT$XIAA               DATA
 0002:00000514 00000104H .CRT$XIC                DATA
 0002:00000618 00000104H .CRT$XIY                DATA
 0002:0000071c 00000104H .CRT$XIZ                DATA
 0002:00000820 00001398H .rdata                  DATA
 0002:00001bb8 00000173H .rdata$debug            DATA
 0002:00001d2c 0000020fH .rdata$r                DATA
 0002:00001f40 00000113H .rdata$sxdata           DATA
 0002:00002054 00000104H .rtc$IAA                DATA
 0002:00002158 00000104H .rtc$IMZ                DATA
 0002:0000225c 00000104H .rtc$IZZ                DATA
 0002:00002360 00000104H .rtc$TAA                DATA
 0002:00002464 00000104H .rtc$TMZ                DATA
 0002:00002568 00000104H .rtc$TZZ                DATA
 0002:00002670 000002aeH .xdata$x                DATA
 0002:0000291e 00000000H .edata                  DATA
 0003:00000000 00000130H .data                   DATA
 0003:00000130 00000156H .data$r                 DATA
 0003:00000288 000003a5H .bss                    DATA
 0004:00000000 00000298H .idata$5                DATA
 0004:00000298 00000064H .idata$2                DATA
 0004:000002fc 00000014H .idata$3                DATA
 0004:00000310 00000298H .idata$4                DATA
 0004:000005a8 00000868H .idata$6                DATA
 0005:00000000 0000026cH .rsrc$01                DATA
 0005:00000270 00001429H .rsrc$02                DATA

  Address         Publics by Value              Rva+Base       Lib:Object

 0000:00000000       ___guard_fids_table        00000000     <absolute>
 0000:00000000       ___guard_flags             00000000     <absolute>
 0000:00000000       ___guard_fids_count        00000000     <absolute>
 0000:00000004       ___safe_se_handler_count   00000004     <absolute>
 0000:00000000       ___ImageBase               00400000     <linker-defined>
 0001:00000170       _wWinMain@16               00401170 f   LockCop.obj
 0001:000001f0       ??0CWCT@@QAE@XZ            004011f0 f   LockCop.obj
 0001:00000270       ??1CWCT@@QAE@XZ            00401270 f   LockCop.obj
 0001:000002f0       ?ParseThreads@CWCT@@QAEXK@Z 004012f0 f   LockCop.obj
 0001:00000420       ?OnThread@CWCT@@MAEXKHK@Z  00401420 f   LockCop.obj
 0001:00000450       ?OnChainNodeInfo@CWCT@@MAEXKKU_WAITCHAIN_NODE_INFO@@@Z 00401450 f   LockCop.obj
 0001:00000480       ?GetNodesInChain@CWCT@@IAEKXZ 00401480 f   LockCop.obj
 0001:000004b0       ?GetPID@CWCT@@IAEKXZ       004014b0 f   LockCop.obj
 0001:000004e0       ?InitCOM@CWCT@@AAEXXZ      004014e0 f   LockCop.obj
 0001:00000590       ?ParseThread@CWCT@@AAEXK@Z 00401590 f   LockCop.obj
 0001:000008c0       ??0CChainParser@@QAE@PAUHWND__@@@Z 004018c0 f   LockCop.obj
 0001:00000920       ?OnThread@CChainParser@@MAEXKHK@Z 00401920 f   LockCop.obj
 0001:00000a10       ?OnChainNodeInfo@CChainParser@@MAEXKKU_WAITCHAIN_NODE_INFO@@@Z 00401a10 f   LockCop.obj
 0001:00000b50       ?AddText@CChainParser@@AAAXPB_WZZ 00401b50 f   LockCop.obj
 0001:00000c60       ?GetWCTObjectType@CChainParser@@AAEPB_WW4_WCT_OBJECT_TYPE@@@Z 00401c60 f   LockCop.obj
 0001:00000d50       ?GetWCTObjectStatus@CChainParser@@AAEPB_WW4_WCT_OBJECT_STATUS@@@Z 00401d50 f   LockCop.obj
 0001:00000e40       ?GetLastErrorMessage@CChainParser@@AAEXPA_WI@Z 00401e40 f   LockCop.obj
 0001:00000f70       ?AddText@@YAXPB_WZZ        00401f70 f   LockCop.obj
 0001:000010b0       ?OnRefreshProcesses@@YAXXZ 004020b0 f   LockCop.obj
 0001:00001360       ?OnUpdateLocks@@YAXXZ      00402360 f   LockCop.obj
 0001:000014d0       ?Dlg_OnCommand@@YAXPAUHWND__@@H0I@Z 004024d0 f   LockCop.obj
 0001:00001590       ?Dlg_OnInitDialog@@YAHPAUHWND__@@0J@Z 00402590 f   LockCop.obj
 0001:00001620       ?Dlg_Proc@@YGHPAUHWND__@@IIJ@Z 00402620 f   LockCop.obj
 0001:00001e00       ??0CToolhelp@@QAE@KK@Z     00402e00 f i LockCop.obj
 0001:00001e70       ??1CChainParser@@QAE@XZ    00402e70 f i LockCop.obj
 0001:00001ec0       ??1CToolhelp@@QAE@XZ       00402ec0 f i LockCop.obj
 0001:00001f30       ?CreateSnapshot@CToolhelp@@QAEHKK@Z 00402f30 f i LockCop.obj
 0001:00002000       ?EnablePrivilege@CToolhelp@@SAHPB_WH@Z 00403000 f i LockCop.obj
 0001:000021e0       ?ProcessFirst@CToolhelp@@QBEHPAUtagPROCESSENTRY32W@@@Z 004031e0 f i LockCop.obj
 0001:00002270       ?ProcessNext@CToolhelp@@QBEHPAUtagPROCESSENTRY32W@@@Z 00403270 f i LockCop.obj
 0001:00002300       ?StringCchPrintfW@@YAJPA_WIPB_WZZ 00403300 f i LockCop.obj
 0001:000023b0       ?ThreadFirst@CToolhelp@@QBEHPAUtagTHREADENTRY32@@@Z 004033b0 f i LockCop.obj
 0001:00002410       ?ThreadNext@CToolhelp@@QBEHPAUtagTHREADENTRY32@@@Z 00403410 f i LockCop.obj
 0001:00002470       ?chSETDLGICONS@@YAXPAUHWND__@@H@Z 00403470 f i LockCop.obj
 0001:00002560       ?wcschr@@YAPA_WPA_W_W@Z    00403560 f i LockCop.obj
 0001:000025c0       ?wcsrchr@@YAPA_WPA_W_W@Z   004035c0 f i LockCop.obj
 0001:00002620       _CloseHandle@4             00403620 f   kernel32:KERNEL32.dll
 0001:00002626       _GetLastError@0            00403626 f   kernel32:KERNEL32.dll
 0001:0000262c       _SetLastError@4            0040362c f   kernel32:KERNEL32.dll
 0001:00002632       _GetCurrentProcess@0       00403632 f   kernel32:KERNEL32.dll
 0001:00002638       _FreeLibrary@4             00403638 f   kernel32:KERNEL32.dll
 0001:0000263e       _GetProcAddress@8          0040363e f   kernel32:KERNEL32.dll
 0001:00002644       _LocalLock@4               00403644 f   kernel32:KERNEL32.dll
 0001:0000264a       _LocalFree@4               0040364a f   kernel32:KERNEL32.dll
 0001:00002650       _FormatMessageW@28         00403650 f   kernel32:KERNEL32.dll
 0001:00002656       _LoadLibraryW@4            00403656 f   kernel32:KERNEL32.dll
 0001:0000265c       _CreateToolhelp32Snapshot@8 0040365c f   kernel32:KERNEL32.dll
 0001:00002662       _Process32FirstW@8         00403662 f   kernel32:KERNEL32.dll
 0001:00002668       _Process32NextW@8          00403668 f   kernel32:KERNEL32.dll
 0001:0000266e       _Thread32First@8           0040366e f   kernel32:KERNEL32.dll
 0001:00002674       _Thread32Next@8            00403674 f   kernel32:KERNEL32.dll
 0001:0000267a       _SendMessageW@16           0040367a f   user32:USER32.dll
 0001:00002680       _DialogBoxParamW@20        00403680 f   user32:USER32.dll
 0001:00002686       _EndDialog@8               00403686 f   user32:USER32.dll
 0001:0000268c       _GetDlgItem@8              0040368c f   user32:USER32.dll
 0001:00002692       _InvalidateRect@12         00403692 f   user32:USER32.dll
 0001:00002698       _SetWindowTextW@8          00403698 f   user32:USER32.dll
 0001:0000269e       _GetWindowTextW@12         0040369e f   user32:USER32.dll
 0001:000026a4       _GetWindowLongW@8          004036a4 f   user32:USER32.dll
 0001:000026aa       _SetWindowLongW@12         004036aa f   user32:USER32.dll
 0001:000026b0       _LoadIconW@8               004036b0 f   user32:USER32.dll
 0001:000026b6       _GetStockObject@4          004036b6 f   gdi32:GDI32.dll
 0001:000026bc       _OpenProcessToken@12       004036bc f   advapi32:ADVAPI32.dll
 0001:000026c2       _AdjustTokenPrivileges@24  004036c2 f   advapi32:ADVAPI32.dll
 0001:000026c8       _LookupPrivilegeValueW@12  004036c8 f   advapi32:ADVAPI32.dll
 0001:000026ce       _OpenThreadWaitChainSession@8 004036ce f   advapi32:ADVAPI32.dll
 0001:000026d4       _CloseThreadWaitChainSession@4 004036d4 f   advapi32:ADVAPI32.dll
 0001:000026da       _GetThreadWaitChain@28     004036da f   advapi32:ADVAPI32.dll
 0001:000026e0       _RegisterWaitChainCOMCallback@8 004036e0 f   advapi32:ADVAPI32.dll
 0001:000026e6       _wcschr                    004036e6 f   MSVCRTD:MSVCR120D.dll
 0001:000026ec       _wcscpy_s                  004036ec f   MSVCRTD:MSVCR120D.dll
 0001:000026f2       _wcslen                    004036f2 f   MSVCRTD:MSVCR120D.dll
 0001:000026f8       _wcsrchr                   004036f8 f   MSVCRTD:MSVCR120D.dll
 0001:000026fe       _vswprintf_s               004036fe f   MSVCRTD:MSVCR120D.dll
 0001:00002704       __vsnwprintf               00403704 f   MSVCRTD:MSVCR120D.dll
 0001:00002710       @_RTC_AllocaHelper@12      00403710 f   MSVCRTD:stack.obj
 0001:00002750       @_RTC_CheckStackVars2@12   00403750 f   MSVCRTD:stack.obj
 0001:00002830       @_RTC_CheckStackVars@8     00403830 f   MSVCRTD:stack.obj
 0001:00002890       __RTC_CheckEsp             00403890 f   MSVCRTD:stack.obj
 0001:000028c0       @__security_check_cookie@4 004038c0 f   MSVCRTD:secchk.obj
 0001:000028d0       __RTC_InitBase             004038d0 f   MSVCRTD:init.obj
 0001:00002900       __RTC_Shutdown             00403900 f   MSVCRTD:init.obj
 0001:00002914       ___CxxFrameHandler3        00403914 f   MSVCRTD:MSVCR120D.dll
 0001:00002920       __chkstk                   00403920 f   MSVCRTD:chkstk.obj
 0001:00002920       __alloca_probe             00403920 f   MSVCRTD:chkstk.obj
 0001:0000294c       _memset                    0040394c f   MSVCRTD:MSVCR120D.dll
 0001:00002960       ??0type_info@@AAE@ABV0@@Z  00403960 f   MSVCRTD:ti_inst.obj
 0001:00002980       ??4type_info@@AAEAAV0@ABV0@@Z 00403980 f   MSVCRTD:ti_inst.obj
 0001:00002990       ??_Etype_info@@UAEPAXI@Z   00403990 f i MSVCRTD:ti_inst.obj
 0001:00002af0       _NtCurrentTeb              00403af0 f i MSVCRTD:wcrtexew.obj
 0001:00002e50       _wWinMainCRTStartup        00403e50 f   MSVCRTD:wcrtexew.obj
 0001:00002fb0       ?_RTC_AllocaFailure@@YAXPAXPAU_RTC_ALLOCA_NODE@@H@Z 00403fb0 f   MSVCRTD:error.obj
 0001:00003130       ?_RTC_Failure@@YAXPAXH@Z   00404130 f   MSVCRTD:error.obj
 0001:00003180       ?_RTC_StackFailure@@YAXPAXPBD@Z 00404180 f   MSVCRTD:error.obj
 0001:00003500       __RTC_UninitUse            00404500 f   MSVCRTD:error.obj
 0001:000035f0       ___raise_securityfailure   004045f0 f   MSVCRTD:gs_report.obj
 0001:00003640       ___report_gsfailure        00404640 f   MSVCRTD:gs_report.obj
 0001:00003750       ___report_rangecheckfailure 00404750 f   MSVCRTD:gs_report.obj
 0001:00003760       ___report_securityfailure  00404760 f   MSVCRTD:gs_report.obj
 0001:00003840       ___report_securityfailureEx 00404840 f   MSVCRTD:gs_report.obj
 0001:00003970       ?_RTC_GetErrorFunc@@YAP6AHHPBDH00ZZPBX@Z 00404970 f   MSVCRTD:userapi.obj
 0001:00003980       ?_RTC_GetErrorFuncW@@YAP6AHHPB_WH00ZZPBX@Z 00404980 f   MSVCRTD:userapi.obj
 0001:00003990       __RTC_GetErrDesc           00404990 f   MSVCRTD:userapi.obj
 0001:000039b0       __RTC_NumErrors            004049b0 f   MSVCRTD:userapi.obj
 0001:000039c0       __RTC_SetErrorFunc         004049c0 f   MSVCRTD:userapi.obj
 0001:000039e0       __RTC_SetErrorFuncW        004049e0 f   MSVCRTD:userapi.obj
 0001:00003a00       __RTC_SetErrorType         00404a00 f   MSVCRTD:userapi.obj
 0001:00003a24       __CRT_RTC_INITW            00404a24 f   MSVCRTD:MSVCR120D.dll
 0001:00003a30       ??_M@YGXPAXIHP6EX0@Z@Z     00404a30 f   MSVCRTD:ehvecdtr.obj
 0001:00003b10       ?__ArrayUnwind@@YGXPAXIHP6EX0@Z@Z 00404b10 f   MSVCRTD:ehvecdtr.obj
 0001:00003b9a       ??3@YAXPAX@Z               00404b9a f   MSVCRTD:MSVCR120D.dll
 0001:00003ba0       ??1type_info@@UAE@XZ       00404ba0 f   MSVCRTD:MSVCR120D.dll
 0001:00003bb0       ?__CxxUnhandledExceptionFilter@@YGJPAU_EXCEPTION_POINTERS@@@Z 00404bb0 f   MSVCRTD:unhandld.obj
 0001:00003c20       ___CxxSetUnhandledExceptionFilter 00404c20 f   MSVCRTD:unhandld.obj
 0001:00003c34       __XcptFilter               00404c34 f   MSVCRTD:MSVCR120D.dll
 0001:00003c3a       ___crtGetShowWindowMode    00404c3a f   MSVCRTD:MSVCR120D.dll
 0001:00003c40       __amsg_exit                00404c40 f   MSVCRTD:MSVCR120D.dll
 0001:00003c50       __wsetargv                 00404c50 f   MSVCRTD:wdllargv.obj
 0001:00003c58       ___wgetmainargs            00404c58 f   MSVCRTD:MSVCR120D.dll
 0001:00003c5e       ___set_app_type            00404c5e f   MSVCRTD:MSVCR120D.dll
 0001:00003c64       __CrtDbgReportW            00404c64 f   MSVCRTD:MSVCR120D.dll
 0001:00003c6a       __CrtSetCheckCount         00404c6a f   MSVCRTD:MSVCR120D.dll
 0001:00003c70       __FindPESection            00404c70 f   MSVCRTD:pesect.obj
 0001:00003cf0       __IsNonwritableInCurrentImage 00404cf0 f   MSVCRTD:pesect.obj
 0001:00003e20       __ValidateImageBase        00404e20 f   MSVCRTD:pesect.obj
 0001:00003e7e       _exit                      00404e7e f   MSVCRTD:MSVCR120D.dll
 0001:00003e84       __exit                     00404e84 f   MSVCRTD:MSVCR120D.dll
 0001:00003e8a       __cexit                    00404e8a f   MSVCRTD:MSVCR120D.dll
 0001:00003e90       ___security_init_cookie    00404e90 f   MSVCRTD:gs_support.obj
 0001:00003f70       __matherr                  00404f70 f   MSVCRTD:merr.obj
 0001:00003f80       ___atonexitinit            00404f80 f   MSVCRTD:atonexit.obj
 0001:00004030       __onexit                   00405030 f   MSVCRTD:atonexit.obj
 0001:00004130       _atexit                    00405130 f   MSVCRTD:atonexit.obj
 0001:00004160       __RTC_Initialize           00405160 f   MSVCRTD:initsect.obj
 0001:00004190       __RTC_Terminate            00405190 f   MSVCRTD:initsect.obj
 0001:000041b6       __configthreadlocale       004051b6 f   MSVCRTD:MSVCR120D.dll
 0001:000041c0       __invoke_watson_if_error   004051c0 f i MSVCRTD:fp8.obj
 0001:000041f0       __setdefaultprecision      004051f0 f   MSVCRTD:fp8.obj
 0001:00004226       ___setusermatherr          00405226 f   MSVCRTD:MSVCR120D.dll
 0001:0000422c       __initterm_e               0040522c f   MSVCRTD:MSVCR120D.dll
 0001:00004232       __initterm                 00405232 f   MSVCRTD:MSVCR120D.dll
 0001:00004240       __except_handler4          00405240 f   MSVCRTD:chandler4gs.obj
 0001:000046b0       ?_RTC_GetSrcLine@@YAHPAEPA_WKPAH1K@Z 004056b0 f   MSVCRTD:pdblkup.obj
 0001:0000495e       __crt_debugger_hook        0040595e f   MSVCRTD:MSVCR120D.dll
 0001:00004964       ___crtUnhandledException   00405964 f   MSVCRTD:MSVCR120D.dll
 0001:0000496a       ___crtTerminateProcess     0040596a f   MSVCRTD:MSVCR120D.dll
 0001:00004970       ?terminate@@YAXXZ          00405970 f   MSVCRTD:MSVCR120D.dll
 0001:00004976       ___crtSetUnhandledExceptionFilter 00405976 f   MSVCRTD:MSVCR120D.dll
 0001:0000497c       __lock                     0040597c f   MSVCRTD:MSVCR120D.dll
 0001:00004982       __unlock                   00405982 f   MSVCRTD:MSVCR120D.dll
 0001:00004988       __calloc_dbg               00405988 f   MSVCRTD:MSVCR120D.dll
 0001:0000498e       ___dllonexit               0040598e f   MSVCRTD:MSVCR120D.dll
 0001:00004994       __invoke_watson            00405994 f   MSVCRTD:MSVCR120D.dll
 0001:0000499a       __controlfp_s              0040599a f   MSVCRTD:MSVCR120D.dll
 0001:000049a0       __except_handler4_common   004059a0 f   MSVCRTD:MSVCR120D.dll
 0001:000049a6       __wmakepath_s              004059a6 f   MSVCRTD:MSVCR120D.dll
 0001:000049ac       __wsplitpath_s             004059ac f   MSVCRTD:MSVCR120D.dll
 0001:000049b2       _EncodePointer@4           004059b2 f   kernel32:KERNEL32.dll
 0001:000049b8       _IsDebuggerPresent@0       004059b8 f   kernel32:KERNEL32.dll
 0001:000049be       _RaiseException@16         004059be f   kernel32:KERNEL32.dll
 0001:000049c4       _LoadLibraryExW@12         004059c4 f   kernel32:KERNEL32.dll
 0001:000049ca       _MultiByteToWideChar@24    004059ca f   kernel32:KERNEL32.dll
 0001:000049d0       _WideCharToMultiByte@32    004059d0 f   kernel32:KERNEL32.dll
 0001:000049d6       _IsProcessorFeaturePresent@4 004059d6 f   kernel32:KERNEL32.dll
 0001:000049dc       _QueryPerformanceCounter@4 004059dc f   kernel32:KERNEL32.dll
 0001:000049e2       _GetCurrentProcessId@0     004059e2 f   kernel32:KERNEL32.dll
 0001:000049e8       _GetCurrentThreadId@0      004059e8 f   kernel32:KERNEL32.dll
 0001:000049ee       _GetSystemTimeAsFileTime@4 004059ee f   kernel32:KERNEL32.dll
 0001:000049f4       _DecodePointer@4           004059f4 f   kernel32:KERNEL32.dll
 0001:000049fa       _HeapAlloc@12              004059fa f   kernel32:KERNEL32.dll
 0001:00004a00       _HeapFree@12               00405a00 f   kernel32:KERNEL32.dll
 0001:00004a06       _GetProcessHeap@0          00405a06 f   kernel32:KERNEL32.dll
 0001:00004a0c       _VirtualQuery@12           00405a0c f   kernel32:KERNEL32.dll
 0001:00004a12       _GetModuleFileNameW@12     00405a12 f   kernel32:KERNEL32.dll
 0001:00004a18       _GetModuleHandleW@4        00405a18 f   kernel32:KERNEL32.dll
 0002:00000000       ___xc_a                    00409000     MSVCRTD:cinitexe.obj
 0002:00000208       ___xc_z                    00409208     MSVCRTD:cinitexe.obj
 0002:0000030c       ___xi_a                    0040930c     MSVCRTD:cinitexe.obj
 0002:0000071c       ___xi_z                    0040971c     MSVCRTD:cinitexe.obj
 0002:0000085c       ??_7CWCT@@6B@              0040985c     LockCop.obj
 0002:00000868       ??_C@_1BE@DBKAINNB@?$AAO?$AAL?$AAE?$AA3?$AA2?$AA?4?$AAD?$AAL?$AAL?$AA?$AA@ 00409868     LockCop.obj
 0002:00000880       ??_C@_0P@KMHADCCG@CoGetCallState?$AA@ 00409880     LockCop.obj
 0002:00000894       ??_C@_0BF@BBHJPPCL@CoGetActivationState?$AA@ 00409894     LockCop.obj
 0002:000008b0       ??_C@_11LOCGONAA@?$AA?$AA@ 004098b0     LockCop.obj
 0002:000008b8       ??_7CChainParser@@6B@      004098b8     LockCop.obj
 0002:000008c4       ??_C@_1DO@IKKLFJJE@?$AA?4?$AA?4?$AAT?$AAh?$AAr?$AAe?$AAa?$AAd?$AA?5?$AA?$CF?$AA4?$AAu?$AA?5?$AA?9?$AA?5?$AAE?$AAr?$AAr?$AAo?$AAr?$AA?$AN?$AA?6?$AA?5?$AA?5?$AA?5?$AA?5?$AA?$CF?$AAs?$AA?$AN?$AA?6?$AA?$AA@ 004098c4     LockCop.obj
 0002:00000910       ??_C@_1CC@DAMJOADD@?$AAi?$AAs?$AA?5?$AAi?$AAn?$AA?5?$AAa?$AA?5?$AAd?$AAe?$AAa?$AAd?$AAl?$AAo?$AAc?$AAk?$AA?$AA@ 00409910     LockCop.obj
 0002:00000938       ??_C@_1CE@KIDAIMCB@?$AA?4?$AA?4?$AAT?$AAh?$AAr?$AAe?$AAa?$AAd?$AA?5?$AA?$CF?$AA4?$AAu?$AA?5?$AA?$CF?$AAs?$AA?$AN?$AA?6?$AA?$AA@ 00409938     LockCop.obj
 0002:00000964       ??_C@_1DO@LOKLMBGH@?$AA?9?$AA?9?$AA?9?$AA?9?$AA?9?$AA?9?$AA?9?$AA?9?$AA?9?$AA?9?$AA?9?$AA?9?$AA?9?$AA?9?$AA?9?$AA?9?$AA?9?$AA?9?$AA?9?$AA?9?$AA?9?$AA?9?$AA?9?$AA?9?$AA?9?$AA?9?$AA?9?$AA?9?$AA?$AN?$AA?6?$AA?$AA@ 00409964     LockCop.obj
 0002:000009b0       ??_C@_1CG@LLNPHBHI@?$AA?5?$AA?5?$AA?5?$AA?5?$AA?$FL?$AA?$CF?$AAu?$AA?3?$AA?$CF?$AAu?$AA?5?$AA?9?$AA?$DO?$AA?5?$AA?$CF?$AAs?$AA?$FN?$AA?5?$AA?$AA@ 004099b0     LockCop.obj
 0002:000009e0       ??_C@_1CA@NAMJEDIH@?$AA?5?$AA?5?$AA?5?$AA?5?$AA?$FL?$AA?$CF?$AAu?$AA?5?$AA?9?$AA?$DO?$AA?5?$AA?$CF?$AAs?$AA?$FN?$AA?5?$AA?$AA@ 004099e0     LockCop.obj
 0002:00000a08       ??_C@_1CA@PBJAMBCP@?$AA?$CF?$AAs?$AA?5?$AA?9?$AA?5?$AA?$CF?$AAs?$AA?5?$AA?5?$AA?$CI?$AA?$CF?$AAs?$AA?$CJ?$AA?$AN?$AA?6?$AA?$AA@ 00409a08     LockCop.obj
 0002:00000a30       ??_C@_1BG@OIBJIAPJ@?$AA?$CF?$AAs?$AA?5?$AA?5?$AA?$CI?$AA?$CF?$AAs?$AA?$CJ?$AA?$AN?$AA?6?$AA?$AA@ 00409a30     LockCop.obj
 0002:00000a4c       ??_C@_19KLGIPDEL@?$AA?$AN?$AA?6?$AA?$AN?$AA?6?$AA?$AA@ 00409a4c     LockCop.obj
 0002:00000a58       ??_C@_1CA@NCAMDNMD@?$AAC?$AAr?$AAi?$AAt?$AAi?$AAc?$AAa?$AAl?$AAS?$AAe?$AAc?$AAt?$AAi?$AAo?$AAn?$AA?$AA@ 00409a58     LockCop.obj
 0002:00000a80       ??_C@_1BI@OKPIFLBJ@?$AAS?$AAe?$AAn?$AAd?$AAM?$AAe?$AAs?$AAs?$AAa?$AAg?$AAe?$AA?$AA@ 00409a80     LockCop.obj
 0002:00000a9c       ??_C@_1M@OECOEIKC@?$AAM?$AAu?$AAt?$AAe?$AAx?$AA?$AA@ 00409a9c     LockCop.obj
 0002:00000aac       ??_C@_19MIPIBLMP@?$AAA?$AAl?$AAp?$AAc?$AA?$AA@ 00409aac     LockCop.obj
 0002:00000ab8       ??_C@_17KKLPNNMB@?$AAC?$AAO?$AAM?$AA?$AA@ 00409ab8     LockCop.obj
 0002:00000ac4       ??_C@_1BG@ODBMFAAJ@?$AAT?$AAh?$AAr?$AAe?$AAa?$AAd?$AAW?$AAa?$AAi?$AAt?$AA?$AA@ 00409ac4     LockCop.obj
 0002:00000ae0       ??_C@_1BI@JEMENGNK@?$AAP?$AAr?$AAo?$AAc?$AAe?$AAs?$AAs?$AAW?$AAa?$AAi?$AAt?$AA?$AA@ 00409ae0     LockCop.obj
 0002:00000afc       ??_C@_1O@CDOGJPJJ@?$AAT?$AAh?$AAr?$AAe?$AAa?$AAd?$AA?$AA@ 00409afc     LockCop.obj
 0002:00000b0c       ??_C@_1BM@INNKIFCF@?$AAC?$AAO?$AAM?$AAA?$AAc?$AAt?$AAi?$AAv?$AAa?$AAt?$AAi?$AAo?$AAn?$AA?$AA@ 00409b0c     LockCop.obj
 0002:00000b30       ??_C@_1BA@LEPJIIOK@?$AAU?$AAn?$AAk?$AAn?$AAo?$AAw?$AAn?$AA?$AA@ 00409b30     LockCop.obj
 0002:00000b44       ??_C@_17JLFEDMMI@?$AA?$DP?$AA?$DP?$AA?$DP?$AA?$AA@ 00409b44     LockCop.obj
 0002:00000b50       ??_C@_1BK@FNLEENAF@?$AAA?$AAc?$AAc?$AAe?$AAs?$AAs?$AAD?$AAe?$AAn?$AAi?$AAe?$AAd?$AA?$AA@ 00409b50     LockCop.obj
 0002:00000b70       ??_C@_1BA@GHJHBFFA@?$AAR?$AAu?$AAn?$AAn?$AAi?$AAn?$AAg?$AA?$AA@ 00409b70     LockCop.obj
 0002:00000b84       ??_C@_1BA@BNFIHHGN@?$AAB?$AAl?$AAo?$AAc?$AAk?$AAe?$AAd?$AA?$AA@ 00409b84     LockCop.obj
 0002:00000b98       ??_C@_1BA@BBBDJFED@?$AAP?$AAi?$AAd?$AAO?$AAn?$AAl?$AAy?$AA?$AA@ 00409b98     LockCop.obj
 0002:00000bac       ??_C@_1BK@EKEDIMCO@?$AAP?$AAi?$AAd?$AAO?$AAn?$AAl?$AAy?$AAR?$AAp?$AAc?$AAs?$AAs?$AA?$AA@ 00409bac     LockCop.obj
 0002:00000bcc       ??_C@_1M@PLFEMDME@?$AAO?$AAw?$AAn?$AAe?$AAd?$AA?$AA@ 00409bcc     LockCop.obj
 0002:00000bdc       ??_C@_1BC@FCHOOM@?$AAN?$AAo?$AAt?$AAO?$AAw?$AAn?$AAe?$AAd?$AA?$AA@ 00409bdc     LockCop.obj
 0002:00000bf4       ??_C@_1BE@LAGBNOPA@?$AAA?$AAb?$AAa?$AAn?$AAd?$AAo?$AAn?$AAe?$AAd?$AA?$AA@ 00409bf4     LockCop.obj
 0002:00000c0c       ??_C@_1M@ILHOPKA@?$AAE?$AAr?$AAr?$AAo?$AAr?$AA?$AA@ 00409c0c     LockCop.obj
 0002:00000c1c       ??_C@_1M@JFPGNIFL@?$AA?$DP?$AAm?$AAa?$AAx?$AA?$DP?$AA?$AA@ 00409c1c     LockCop.obj
 0002:00000c2c       ??_C@_1CG@ODFHNNFF@?$AAU?$AAn?$AAk?$AAn?$AAo?$AAw?$AAn?$AA?5?$AAe?$AAr?$AAr?$AAo?$AAr?$AA?5?$AA0?$AAx?$AA?$CF?$AAx?$AA?$AA@ 00409c2c     LockCop.obj
 0002:00000c5c       ??_C@_1BE@IMFDHODL@?$AA?$CF?$AA0?$AA4?$AAu?$AA?5?$AA?9?$AA?5?$AA?$CF?$AAs?$AA?$AA@ 00409c5c     LockCop.obj
 0002:00000c74       ??_C@_1DA@BOILHGJG@?$AAT?$AAh?$AAr?$AAe?$AAa?$AAd?$AAs?$AA?5?$AAi?$AAn?$AA?5?$AAp?$AAr?$AAo?$AAc?$AAe?$AAs?$AAs?$AA?5?$AA?$CF?$AAu?$AA?$AN?$AA?6?$AA?$AA@ 00409c74     LockCop.obj
 0002:00000cb0       ??_C@_1CC@DMDJMJLM@?$AAS?$AAe?$AAD?$AAe?$AAb?$AAu?$AAg?$AAP?$AAr?$AAi?$AAv?$AAi?$AAl?$AAe?$AAg?$AAe?$AA?$AA@ 00409cb0     LockCop.obj
 0002:00000cd8       ?value@?$integral_constant@_N$0A@@std@@2_NB 00409cd8     MSVCRTD:ti_inst.obj
 0002:00000cd9       ?value@?$integral_constant@_N$00@std@@2_NB 00409cd9     MSVCRTD:ti_inst.obj
 0002:00000ce0       ??_7type_info@@6B@         00409ce0     MSVCRTD:ti_inst.obj
 0002:00000ce8       ??_C@_1FA@DALEHHGL@?$AA_?$AA_?$AAn?$AAa?$AAt?$AAi?$AAv?$AAe?$AA_?$AAs?$AAt?$AAa?$AAr?$AAt?$AAu?$AAp?$AA_?$AAs?$AAt?$AAa?$AAt?$AAe?$AA?5?$AA?$DN?$AA?$DN?$AA?5?$AA_?$AA_?$AAi?$AAn?$AAi?$AAt@ 00409ce8     MSVCRTD:wcrtexew.obj
 0002:00000d38       ??_C@_15GANGMFKL@?$AA?$CF?$AAs?$AA?$AA@ 00409d38     MSVCRTD:wcrtexew.obj
 0002:00000d40       ??_C@_1FG@DKNDLLJO@?$AAf?$AA?3?$AA?2?$AAd?$AAd?$AA?2?$AAv?$AAc?$AAt?$AAo?$AAo?$AAl?$AAs?$AA?2?$AAc?$AAr?$AAt?$AA?2?$AAc?$AAr?$AAt?$AAw?$AA3?$AA2?$AA?2?$AAd?$AAl?$AAl?$AAs?$AAt?$AAu?$AAf@ 00409d40     MSVCRTD:wcrtexew.obj
 0002:00000e38       ??_C@_0NN@NGPKDKPD@The?5value?5of?5ESP?5was?5not?5properl@ 00409e38     MSVCRTD:error.obj
 0002:00000f18       ??_C@_0BBN@GPMLNJCF@A?5cast?5to?5a?5smaller?5data?5type?5ha@ 00409f18     MSVCRTD:error.obj
 0002:00001038       ??_C@_0BN@FFOINMNJ@Stack?5memory?5was?5corrupted?6?$AN?$AA@ 0040a038     MSVCRTD:error.obj
 0002:00001058       ??_C@_0DG@HKJMLLLP@A?5local?5variable?5was?5used?5before@ 0040a058     MSVCRTD:error.obj
 0002:00001090       ??_C@_0CM@NGINOKPC@Stack?5memory?5around?5_alloca?5was?5@ 0040a090     MSVCRTD:error.obj
 0002:000010bc       ??_C@_0BO@GNIAFIKK@Unknown?5Runtime?5Check?5Error?6?$AN?$AA@ 0040a0bc     MSVCRTD:error.obj
 0002:000010e0       ??_C@_1GM@OLMCBDMB@?$AAR?$AAu?$AAn?$AAt?$AAi?$AAm?$AAe?$AA?5?$AAC?$AAh?$AAe?$AAc?$AAk?$AA?5?$AAE?$AAr?$AAr?$AAo?$AAr?$AA?4?$AA?6?$AA?$AN?$AA?5?$AAU?$AAn?$AAa?$AAb?$AAl?$AAe?$AA?5?$AAt?$AAo@ 0040a0e0     MSVCRTD:error.obj
 0002:00001150       ??_C@_1EA@NFKNIFJP@?$AAR?$AAu?$AAn?$AA?9?$AAT?$AAi?$AAm?$AAe?$AA?5?$AAC?$AAh?$AAe?$AAc?$AAk?$AA?5?$AAF?$AAa?$AAi?$AAl?$AAu?$AAr?$AAe?$AA?5?$AA?$CD?$AA?$CF?$AAd?$AA?5?$AA?9?$AA?5?$AA?$CF?$AAs?$AA?$AA@ 0040a150     MSVCRTD:error.obj
 0002:00001190       ??_C@_0BB@PFFGGCJP@Unknown?5Filename?$AA@ 0040a190     MSVCRTD:error.obj
 0002:000011a4       ??_C@_0BE@GNBOBNCK@Unknown?5Module?5Name?$AA@ 0040a1a4     MSVCRTD:error.obj
 0002:000011b8       ??_C@_0CA@IODNCDPG@Run?9Time?5Check?5Failure?5?$CD?$CFd?5?9?5?$CFs?$AA@ 0040a1b8     MSVCRTD:error.obj
 0002:000011d8       ??_C@_0CG@IAFNJNEE@Stack?5corrupted?5near?5unknown?5var@ 0040a1d8     MSVCRTD:error.obj
 0002:00001200       ??_C@_05MKKEDADM@?$CF?42X?5?$AA@ 0040a200     MSVCRTD:error.obj
 0002:00001208       ??_C@_1BG@OILDLIOJ@?$AAu?$AAs?$AAe?$AAr?$AA3?$AA2?$AA?4?$AAd?$AAl?$AAl?$AA?$AA@ 0040a208     MSVCRTD:error.obj
 0002:00001220       ??_C@_09FOPFMPEJ@wsprintfA?$AA@ 0040a220     MSVCRTD:error.obj
 0002:00001230       ??_C@_0EJ@LJKNEOLN@Stack?5area?5around?5_alloca?5memory@ 0040a230     MSVCRTD:error.obj
 0002:0000127c       ??_C@_08OMAHNMHJ@?6Data?3?5?$DM?$AA@ 0040a27c     MSVCRTD:error.obj
 0002:00001288       ??_C@_0CK@DKGBICFE@?6Allocation?5number?5within?5this?5f@ 0040a288     MSVCRTD:error.obj
 0002:000012b4       ??_C@_07DFDJCKFN@?6Size?3?5?$AA@ 0040a2b4     MSVCRTD:error.obj
 0002:000012bc       ??_C@_0N@MHFFIMFG@?6Address?3?50x?$AA@ 0040a2bc     MSVCRTD:error.obj
 0002:000012d0       ??_C@_0EI@CLEPFNGI@Stack?5area?5around?5_alloca?5memory@ 0040a2d0     MSVCRTD:error.obj
 0002:00001318       ??_C@_0BC@KIBAILCI@?$CFs?$CFs?$CFp?$CFs?$CFld?$CFs?$CFd?$CFs?$AA@ 0040a318     MSVCRTD:error.obj
 0002:0000132c       ??_C@_01EEMJAFIK@?6?$AA@   0040a32c     MSVCRTD:error.obj
 0002:00001330       ??_C@_02LLMPMKNF@?$DO?5?$AA@ 0040a330     MSVCRTD:error.obj
 0002:00001334       ??_C@_08KJEDNCKC@?$CFs?$CFs?$CFs?$CFs?$AA@ 0040a334     MSVCRTD:error.obj
 0002:00001340       ??_C@_0DE@OHJBPMBP@A?5variable?5is?5being?5used?5without@ 0040a340     MSVCRTD:error.obj
 0002:00001390       ??_C@_0BJ@HEGAHDFO@Stack?5pointer?5corruption?$AA@ 0040a390     MSVCRTD:userapi.obj
 0002:000013ac       ??_C@_0CK@FEGOIOPB@Cast?5to?5smaller?5type?5causing?5los@ 0040a3ac     MSVCRTD:userapi.obj
 0002:000013d8       ??_C@_0BI@CIGMDCBH@Stack?5memory?5corruption?$AA@ 0040a3d8     MSVCRTD:userapi.obj
 0002:000013f0       ??_C@_0CK@CNLNOEPB@Local?5variable?5used?5before?5initi@ 0040a3f0     MSVCRTD:userapi.obj
 0002:0000141c       ??_C@_0BP@OGBCLIBO@Stack?5around?5_alloca?5corrupted?$AA@ 0040a41c     MSVCRTD:userapi.obj
 0002:0000143c       ?ProcessDetach@NativeDll@<CrtImplementationDetails>@@0IB 0040a43c     MSVCRTD:unhandld.obj
 0002:00001440       ?ProcessAttach@NativeDll@<CrtImplementationDetails>@@0IB 0040a440     MSVCRTD:unhandld.obj
 0002:00001444       ?ThreadAttach@NativeDll@<CrtImplementationDetails>@@0IB 0040a444     MSVCRTD:unhandld.obj
 0002:00001448       ?ThreadDetach@NativeDll@<CrtImplementationDetails>@@0IB 0040a448     MSVCRTD:unhandld.obj
 0002:0000144c       ?ProcessVerifier@NativeDll@<CrtImplementationDetails>@@0IB 0040a44c     MSVCRTD:unhandld.obj
 0002:00001450       ??_C@_1MC@KPMPFEII@?$AA?$CI?$AA_?$AA_?$AAo?$AAn?$AAe?$AAx?$AAi?$AAt?$AAb?$AAe?$AAg?$AAi?$AAn?$AA?5?$AA?$CB?$AA?$DN?$AA?5?$AAN?$AAU?$AAL?$AAL?$AA?5?$AA?$CG?$AA?$CG?$AA?5?$AA_?$AA_?$AAo?$AAn?$AAe?$AAx@ 0040a450     MSVCRTD:atonexit.obj
 0002:00001518       ??_C@_1FK@IGIDCAPD@?$AAf?$AA?3?$AA?2?$AAd?$AAd?$AA?2?$AAv?$AAc?$AAt?$AAo?$AAo?$AAl?$AAs?$AA?2?$AAc?$AAr?$AAt?$AA?2?$AAc?$AAr?$AAt?$AAw?$AA3?$AA2?$AA?2?$AAd?$AAl?$AAl?$AAs?$AAt?$AAu?$AAf@ 0040a518     MSVCRTD:atonexit.obj
 0002:00001574       ??_C@_0CN@LMJJPMEG@f?3?2dd?2vctools?2crt?2crtw32?2dllstuf@ 0040a574     MSVCRTD:atonexit.obj
 0002:000015a8       ??_C@_1FI@JJOJLGLE@?$AAf?$AA?3?$AA?2?$AAd?$AAd?$AA?2?$AAv?$AAc?$AAt?$AAo?$AAo?$AAl?$AAs?$AA?2?$AAc?$AAr?$AAt?$AA?2?$AAc?$AAr?$AAt?$AAw?$AA3?$AA2?$AA?2?$AAs?$AAt?$AAa?$AAr?$AAt?$AAu?$AAp@ 0040a5a8     MSVCRTD:fp8.obj
 0002:00001600       ??_C@_1CK@JMKHCBEI@?$AA_?$AAs?$AAe?$AAt?$AAd?$AAe?$AAf?$AAa?$AAu?$AAl?$AAt?$AAp?$AAr?$AAe?$AAc?$AAi?$AAs?$AAi?$AAo?$AAn?$AA?$AA@ 0040a600     MSVCRTD:fp8.obj
 0002:00001630       ??_C@_1GE@KOCFNGPB@?$AA_?$AAc?$AAo?$AAn?$AAt?$AAr?$AAo?$AAl?$AAf?$AAp?$AA_?$AAs?$AA?$CI?$AA?$CI?$AA?$CI?$AAv?$AAo?$AAi?$AAd?$AA?5?$AA?$CK?$AA?$CJ?$AA0?$AA?$CJ?$AA?0?$AA?5?$AA0?$AAx?$AA0?$AA0?$AA0?$AA1@ 0040a630     MSVCRTD:fp8.obj
 0002:000016d4       ?LocalIdBitWidth@CrossScopeId@CodeViewInfo@@2IB 0040a6d4     MSVCRTD:pdblkup.obj
 0002:000016d8       ?IdScopeBitWidth@CrossScopeId@CodeViewInfo@@2IB 0040a6d8     MSVCRTD:pdblkup.obj
 0002:000016dc       ?StartCrossScopeId@CrossScopeId@CodeViewInfo@@2IB 0040a6dc     MSVCRTD:pdblkup.obj
 0002:000016e0       ?LocalIdMask@CrossScopeId@CodeViewInfo@@2IB 0040a6e0     MSVCRTD:pdblkup.obj
 0002:000016e4       ?ScopeIdMask@CrossScopeId@CodeViewInfo@@2IB 0040a6e4     MSVCRTD:pdblkup.obj
 0002:000016e8       ?MaxLocalId@CrossScopeId@CodeViewInfo@@2IB 0040a6e8     MSVCRTD:pdblkup.obj
 0002:000016ec       ?MaxScopeId@CrossScopeId@CodeViewInfo@@2IB 0040a6ec     MSVCRTD:pdblkup.obj
 0002:000016f0       ??_C@_1BK@GAEMIDIL@?$AAA?$AAD?$AAV?$AAA?$AAP?$AAI?$AA3?$AA2?$AA?4?$AAD?$AAL?$AAL?$AA?$AA@ 0040a6f0     MSVCRTD:pdblkup.obj
 0002:0000170c       ??_C@_0O@COHOBMLB@RegOpenKeyExW?$AA@ 0040a70c     MSVCRTD:pdblkup.obj
 0002:0000171c       ??_C@_0BB@GLNAEDBD@RegQueryValueExW?$AA@ 0040a71c     MSVCRTD:pdblkup.obj
 0002:00001730       ??_C@_0M@HLOHPNFA@RegCloseKey?$AA@ 0040a730     MSVCRTD:pdblkup.obj
 0002:00001740       ??_C@_1FM@EGIBBNPP@?$AAS?$AAO?$AAF?$AAT?$AAW?$AAA?$AAR?$AAE?$AA?2?$AAM?$AAi?$AAc?$AAr?$AAo?$AAs?$AAo?$AAf?$AAt?$AA?2?$AAV?$AAi?$AAs?$AAu?$AAa?$AAl?$AAS?$AAt?$AAu?$AAd?$AAi?$AAo?$AA?2@ 0040a740     MSVCRTD:pdblkup.obj
 0002:0000179c       ??_C@_1BG@EABPBLLF@?$AAP?$AAr?$AAo?$AAd?$AAu?$AAc?$AAt?$AAD?$AAi?$AAr?$AA?$AA@ 0040a79c     MSVCRTD:pdblkup.obj
 0002:000017d0       ??_C@_1BC@EOIMGOME@?$AAM?$AAS?$AAP?$AAD?$AAB?$AA1?$AA2?$AA0?$AA?$AA@ 0040a7d0     MSVCRTD:pdblkup.obj
 0002:000017e4       ??_C@_0BB@KCIACLNC@PDBOpenValidate5?$AA@ 0040a7e4     MSVCRTD:pdblkup.obj
 0002:000017f8       ??_C@_01KDCPPGHE@r?$AA@    0040a7f8     MSVCRTD:pdblkup.obj
 0002:00001800       __load_config_used         0040a800     MSVCRTD:loadcfg.obj
 0002:00001d2c       ??_R4CWCT@@6B@             0040ad2c     LockCop.obj
 0002:00001d44       ??_R3CWCT@@8               0040ad44     LockCop.obj
 0002:00001d58       ??_R2CWCT@@8               0040ad58     LockCop.obj
 0002:00001d60       ??_R1A@?0A@EA@CWCT@@8      0040ad60     LockCop.obj
 0002:00001d84       ??_R4CChainParser@@6B@     0040ad84     LockCop.obj
 0002:00001d9c       ??_R3CChainParser@@8       0040ad9c     LockCop.obj
 0002:00001db0       ??_R2CChainParser@@8       0040adb0     LockCop.obj
 0002:00001dbc       ??_R1A@?0A@EA@CChainParser@@8 0040adbc     LockCop.obj
 0002:00001de0       ??_R4type_info@@6B@        0040ade0     MSVCRTD:ti_inst.obj
 0002:00001df4       ??_R3type_info@@8          0040adf4     MSVCRTD:ti_inst.obj
 0002:00001e04       ??_R2type_info@@8          0040ae04     MSVCRTD:ti_inst.obj
 0002:00001e0c       ??_R1A@?0A@EA@type_info@@8 0040ae0c     MSVCRTD:ti_inst.obj
 0002:00001f40       ___safe_se_handler_table   0040af40     <linker-defined>
 0002:00002054       ___rtc_iaa                 0040b054     MSVCRTD:initsect.obj
 0002:0000225c       ___rtc_izz                 0040b25c     MSVCRTD:initsect.obj
 0002:00002360       ___rtc_taa                 0040b360     MSVCRTD:initsect.obj
 0002:00002568       ___rtc_tzz                 0040b568     MSVCRTD:initsect.obj
 0003:00000000       ___security_cookie         0040c000     MSVCRTD:gs_cookie.obj
 0003:00000004       ___security_cookie_complement 0040c004     MSVCRTD:gs_cookie.obj
 0003:00000008       ?_RTC_ErrorLevels@@3PAHA   0040c008     MSVCRTD:error.obj
 0003:0000001c       ___defaultmatherr          0040c01c     MSVCRTD:merr.obj
 0003:00000020       ___globallocalestatus      0040c020     MSVCRTD:xthdloc.obj
 0003:00000024       ___native_dllmain_reason   0040c024     MSVCRTD:natstart.obj
 0003:00000130       ??_R0?AVCWCT@@@8           0040c130     LockCop.obj
 0003:00000148       ??_R0?AVCChainParser@@@8   0040c148     LockCop.obj
 0003:00000168       ??_R0?AVtype_info@@@8      0040c168     MSVCRTD:ti_inst.obj
 0003:00000288       ?g_hInstance@@3PAUHINSTANCE__@@A 0040c288     LockCop.obj
 0003:0000028c       ?g_hDlg@@3PAUHWND__@@A     0040c28c     LockCop.obj
 0003:000002b4       ?wsprintffp@@3P6AHPADPBDZZA 0040c2b4     MSVCRTD:error.obj
 0003:000005e0       __commode                  0040c5e0     MSVCRTD:xncommod.obj
 0003:000005e4       __dowildcard               0040c5e4     MSVCRTD:wildcard.obj
 0003:000005e8       __newmode                  0040c5e8     MSVCRTD:_newmode.obj
 0003:000005ec       __fmode                    0040c5ec     MSVCRTD:xtxtmode.obj
 0003:000005f8       ___native_startup_lock     0040c5f8     <common>
 0003:00000608       ___native_startup_state    0040c608     <common>
 0003:0000060c       ___onexitend               0040c60c     <common>
 0003:0000061c       ___onexitbegin             0040c61c     <common>
 0003:00000620       ___dyn_tls_init_callback   0040c620     <common>
 0004:00000000       __imp__GetThreadWaitChain@28 0040d000     advapi32:ADVAPI32.dll
 0004:00000004       __imp__CloseThreadWaitChainSession@4 0040d004     advapi32:ADVAPI32.dll
 0004:00000008       __imp__OpenThreadWaitChainSession@8 0040d008     advapi32:ADVAPI32.dll
 0004:0000000c       __imp__LookupPrivilegeValueW@12 0040d00c     advapi32:ADVAPI32.dll
 0004:00000010       __imp__AdjustTokenPrivileges@24 0040d010     advapi32:ADVAPI32.dll
 0004:00000014       __imp__OpenProcessToken@12 0040d014     advapi32:ADVAPI32.dll
 0004:00000018       __imp__RegisterWaitChainCOMCallback@8 0040d018     advapi32:ADVAPI32.dll
 0004:0000001c       \177ADVAPI32_NULL_THUNK_DATA 0040d01c     advapi32:ADVAPI32.dll
 0004:0000004c       __imp__GetStockObject@4    0040d04c     gdi32:GDI32.dll
 0004:00000050       \177GDI32_NULL_THUNK_DATA  0040d050     gdi32:GDI32.dll
 0004:0000007c       __imp__CreateToolhelp32Snapshot@8 0040d07c     kernel32:KERNEL32.dll
 0004:00000080       __imp__Process32FirstW@8   0040d080     kernel32:KERNEL32.dll
 0004:00000084       __imp__Process32NextW@8    0040d084     kernel32:KERNEL32.dll
 0004:00000088       __imp__Thread32First@8     0040d088     kernel32:KERNEL32.dll
 0004:0000008c       __imp__Thread32Next@8      0040d08c     kernel32:KERNEL32.dll
 0004:00000090       __imp__GetModuleFileNameW@12 0040d090     kernel32:KERNEL32.dll
 0004:00000094       __imp__VirtualQuery@12     0040d094     kernel32:KERNEL32.dll
 0004:00000098       __imp__LoadLibraryW@4      0040d098     kernel32:KERNEL32.dll
 0004:0000009c       __imp__HeapFree@12         0040d09c     kernel32:KERNEL32.dll
 0004:000000a0       __imp__HeapAlloc@12        0040d0a0     kernel32:KERNEL32.dll
 0004:000000a4       __imp__DecodePointer@4     0040d0a4     kernel32:KERNEL32.dll
 0004:000000a8       __imp__GetSystemTimeAsFileTime@4 0040d0a8     kernel32:KERNEL32.dll
 0004:000000ac       __imp__GetCurrentThreadId@0 0040d0ac     kernel32:KERNEL32.dll
 0004:000000b0       __imp__GetCurrentProcessId@0 0040d0b0     kernel32:KERNEL32.dll
 0004:000000b4       __imp__QueryPerformanceCounter@4 0040d0b4     kernel32:KERNEL32.dll
 0004:000000b8       __imp__IsProcessorFeaturePresent@4 0040d0b8     kernel32:KERNEL32.dll
 0004:000000bc       __imp__LocalFree@4         0040d0bc     kernel32:KERNEL32.dll
 0004:000000c0       __imp__FormatMessageW@28   0040d0c0     kernel32:KERNEL32.dll
 0004:000000c4       __imp__LocalLock@4         0040d0c4     kernel32:KERNEL32.dll
 0004:000000c8       __imp__GetProcAddress@8    0040d0c8     kernel32:KERNEL32.dll
 0004:000000cc       __imp__FreeLibrary@4       0040d0cc     kernel32:KERNEL32.dll
 0004:000000d0       __imp__GetCurrentProcess@0 0040d0d0     kernel32:KERNEL32.dll
 0004:000000d4       __imp__SetLastError@4      0040d0d4     kernel32:KERNEL32.dll
 0004:000000d8       __imp__GetLastError@0      0040d0d8     kernel32:KERNEL32.dll
 0004:000000dc       __imp__GetProcessHeap@0    0040d0dc     kernel32:KERNEL32.dll
 0004:000000e0       __imp__CloseHandle@4       0040d0e0     kernel32:KERNEL32.dll
 0004:000000e4       __imp__WideCharToMultiByte@32 0040d0e4     kernel32:KERNEL32.dll
 0004:000000e8       __imp__MultiByteToWideChar@24 0040d0e8     kernel32:KERNEL32.dll
 0004:000000ec       __imp__LoadLibraryExW@12   0040d0ec     kernel32:KERNEL32.dll
 0004:000000f0       __imp__RaiseException@16   0040d0f0     kernel32:KERNEL32.dll
 0004:000000f4       __imp__IsDebuggerPresent@0 0040d0f4     kernel32:KERNEL32.dll
 0004:000000f8       __imp__EncodePointer@4     0040d0f8     kernel32:KERNEL32.dll
 0004:000000fc       __imp__GetModuleHandleW@4  0040d0fc     kernel32:KERNEL32.dll
 0004:00000100       \177KERNEL32_NULL_THUNK_DATA 0040d100     kernel32:KERNEL32.dll
 0004:00000144       __imp__memset              0040d144     MSVCRTD:MSVCR120D.dll
 0004:00000148       __imp___CRT_RTC_INITW      0040d148     MSVCRTD:MSVCR120D.dll
 0004:0000014c       __imp_??3@YAXPAX@Z         0040d14c     MSVCRTD:MSVCR120D.dll
 0004:00000150       __imp_??1type_info@@UAE@XZ 0040d150     MSVCRTD:MSVCR120D.dll
 0004:00000154       __imp___XcptFilter         0040d154     MSVCRTD:MSVCR120D.dll
 0004:00000158       __imp____CxxFrameHandler3  0040d158     MSVCRTD:MSVCR120D.dll
 0004:0000015c       __imp___amsg_exit          0040d15c     MSVCRTD:MSVCR120D.dll
 0004:00000160       __imp____wgetmainargs      0040d160     MSVCRTD:MSVCR120D.dll
 0004:00000164       __imp____set_app_type      0040d164     MSVCRTD:MSVCR120D.dll
 0004:00000168       __imp___CrtDbgReportW      0040d168     MSVCRTD:MSVCR120D.dll
 0004:0000016c       __imp___CrtSetCheckCount   0040d16c     MSVCRTD:MSVCR120D.dll
 0004:00000170       __imp__exit                0040d170     MSVCRTD:MSVCR120D.dll
 0004:00000174       __imp___exit               0040d174     MSVCRTD:MSVCR120D.dll
 0004:00000178       __imp___cexit              0040d178     MSVCRTD:MSVCR120D.dll
 0004:0000017c       __imp___configthreadlocale 0040d17c     MSVCRTD:MSVCR120D.dll
 0004:00000180       __imp____setusermatherr    0040d180     MSVCRTD:MSVCR120D.dll
 0004:00000184       __imp___initterm_e         0040d184     MSVCRTD:MSVCR120D.dll
 0004:00000188       __imp___initterm           0040d188     MSVCRTD:MSVCR120D.dll
 0004:0000018c       __imp___wcmdln             0040d18c     MSVCRTD:MSVCR120D.dll
 0004:00000190       __imp___fmode              0040d190     MSVCRTD:MSVCR120D.dll
 0004:00000194       __imp___commode            0040d194     MSVCRTD:MSVCR120D.dll
 0004:00000198       __imp___crt_debugger_hook  0040d198     MSVCRTD:MSVCR120D.dll
 0004:0000019c       __imp____crtUnhandledException 0040d19c     MSVCRTD:MSVCR120D.dll
 0004:000001a0       __imp____crtTerminateProcess 0040d1a0     MSVCRTD:MSVCR120D.dll
 0004:000001a4       __imp_?terminate@@YAXXZ    0040d1a4     MSVCRTD:MSVCR120D.dll
 0004:000001a8       __imp____crtSetUnhandledExceptionFilter 0040d1a8     MSVCRTD:MSVCR120D.dll
 0004:000001ac       __imp___lock               0040d1ac     MSVCRTD:MSVCR120D.dll
 0004:000001b0       __imp___unlock             0040d1b0     MSVCRTD:MSVCR120D.dll
 0004:000001b4       __imp___calloc_dbg         0040d1b4     MSVCRTD:MSVCR120D.dll
 0004:000001b8       __imp____dllonexit         0040d1b8     MSVCRTD:MSVCR120D.dll
 0004:000001bc       __imp___onexit             0040d1bc     MSVCRTD:MSVCR120D.dll
 0004:000001c0       __imp___invoke_watson      0040d1c0     MSVCRTD:MSVCR120D.dll
 0004:000001c4       __imp___controlfp_s        0040d1c4     MSVCRTD:MSVCR120D.dll
 0004:000001c8       __imp___except_handler4_common 0040d1c8     MSVCRTD:MSVCR120D.dll
 0004:000001cc       __imp___wmakepath_s        0040d1cc     MSVCRTD:MSVCR120D.dll
 0004:000001d0       __imp___wsplitpath_s       0040d1d0     MSVCRTD:MSVCR120D.dll
 0004:000001d4       __imp___vsnwprintf         0040d1d4     MSVCRTD:MSVCR120D.dll
 0004:000001d8       __imp__vswprintf_s         0040d1d8     MSVCRTD:MSVCR120D.dll
 0004:000001dc       __imp__wcsrchr             0040d1dc     MSVCRTD:MSVCR120D.dll
 0004:000001e0       __imp__wcslen              0040d1e0     MSVCRTD:MSVCR120D.dll
 0004:000001e4       __imp__wcscpy_s            0040d1e4     MSVCRTD:MSVCR120D.dll
 0004:000001e8       __imp__wcschr              0040d1e8     MSVCRTD:MSVCR120D.dll
 0004:000001ec       __imp____crtGetShowWindowMode 0040d1ec     MSVCRTD:MSVCR120D.dll
 0004:000001f0       \177MSVCR120D_NULL_THUNK_DATA 0040d1f0     MSVCRTD:MSVCR120D.dll
 0004:0000023c       __imp__LoadIconW@8         0040d23c     user32:USER32.dll
 0004:00000240       __imp__SetWindowLongW@12   0040d240     user32:USER32.dll
 0004:00000244       __imp__GetWindowLongW@8    0040d244     user32:USER32.dll
 0004:00000248       __imp__GetWindowTextW@12   0040d248     user32:USER32.dll
 0004:0000024c       __imp__SetWindowTextW@8    0040d24c     user32:USER32.dll
 0004:00000250       __imp__InvalidateRect@12   0040d250     user32:USER32.dll
 0004:00000254       __imp__GetDlgItem@8        0040d254     user32:USER32.dll
 0004:00000258       __imp__EndDialog@8         0040d258     user32:USER32.dll
 0004:0000025c       __imp__DialogBoxParamW@20  0040d25c     user32:USER32.dll
 0004:00000260       __imp__SendMessageW@16     0040d260     user32:USER32.dll
 0004:00000264       \177USER32_NULL_THUNK_DATA 0040d264     user32:USER32.dll
 0004:00000298       __IMPORT_DESCRIPTOR_KERNEL32 0040d298     kernel32:KERNEL32.dll
 0004:000002ac       __IMPORT_DESCRIPTOR_USER32 0040d2ac     user32:USER32.dll
 0004:000002c0       __IMPORT_DESCRIPTOR_GDI32  0040d2c0     gdi32:GDI32.dll
 0004:000002d4       __IMPORT_DESCRIPTOR_ADVAPI32 0040d2d4     advapi32:ADVAPI32.dll
 0004:000002e8       __IMPORT_DESCRIPTOR_MSVCR120D 0040d2e8     MSVCRTD:MSVCR120D.dll
 0004:000002fc       __NULL_IMPORT_DESCRIPTOR   0040d2fc     kernel32:KERNEL32.dll
